// Jest Snapshot v1, https://goo.gl/fbAQLP

exports[`transactionUniqueId should return the same unique id for the same transaction 1`] = `"hapoalim_123_2021-01-01_1000_identifier1"`;
